// Jest Snapshot v1, https://goo.gl/fbAQLP

exports[`Generates correct anonymous function definition 1`] = `"var add = function(x, y) { return x + y }"`;

exports[`Generates correct anonymous function expression 1`] = `"function(x, y) { return x + y }"`;

exports[`Generates correct binary expression 1`] = `"1 + 2"`;

exports[`Generates correct binary expression with parenthesis 1`] = `"(1 + 2) * 3"`;

exports[`Generates correct boolean expression with parenthesis 1`] = `"(x > 5) && (x < 10)"`;

exports[`Generates correct equality expression 1`] = `"1 == 2"`;

exports[`Generates function call 1`] = `"add(1, sub(2, 3))"`;

exports[`Generates function definition with internal defintions 1`] = `"function addOne(x) { function add(y) { return x + y }return add(x) }"`;

exports[`Generates if expressions 1`] = `"eq(1, 2) ? 3 : 4"`;

exports[`Generates variable declaration 1`] = `"var a = 1"`;
